// Jest Snapshot v1, https://goo.gl/fbAQLP

exports[`<TextInput /> renders 1`] = `
<WithStyles(CTextInput)
  inputType={0}
  onChange={[Function]}
>
  <CTextInput
    classes={
      Object {
        "input": "CTextInput-input-3",
        "underline": "CTextInput-underline-1",
        "underlineError": "CTextInput-underlineError-2",
      }
    }
    inputType={0}
    onChange={[Function]}
  >
    <WithStyles(FormControl)
      fullWidth={true}
    >
      <FormControl
        classes={
          Object {
            "fullWidth": "MuiFormControl-fullWidth-7",
            "marginDense": "MuiFormControl-marginDense-6",
            "marginNormal": "MuiFormControl-marginNormal-5",
            "root": "MuiFormControl-root-4",
          }
        }
        component="div"
        disabled={false}
        error={false}
        fullWidth={true}
        margin="none"
        required={false}
      >
        <div
          className="MuiFormControl-root-4 MuiFormControl-fullWidth-7"
          onBlur={[Function]}
          onFocus={[Function]}
        >
          <TextField
            InputLabelProps={
              Object {
                "style": Object {
                  "color": "#000",
                },
              }
            }
            InputProps={
              Object {
                "classes": Object {
                  "input": "CTextInput-input-3",
                  "underline": "CTextInput-underline-1",
                },
                "disableUnderline": undefined,
              }
            }
            error={false}
            label=""
            onBlur={[Function]}
            onChange={[Function]}
            placeholder=""
            required={false}
            select={false}
            type="text"
            value=""
          >
            <WithStyles(FormControl)
              error={false}
              onBlur={[Function]}
              required={false}
            >
              <FormControl
                classes={
                  Object {
                    "fullWidth": "MuiFormControl-fullWidth-7",
                    "marginDense": "MuiFormControl-marginDense-6",
                    "marginNormal": "MuiFormControl-marginNormal-5",
                    "root": "MuiFormControl-root-4",
                  }
                }
                component="div"
                disabled={false}
                error={false}
                fullWidth={false}
                margin="none"
                onBlur={[Function]}
                required={false}
              >
                <div
                  className="MuiFormControl-root-4"
                  onBlur={[Function]}
                  onFocus={[Function]}
                >
                  <WithStyles(Input)
                    classes={
                      Object {
                        "input": "CTextInput-input-3",
                        "underline": "CTextInput-underline-1",
                      }
                    }
                    onChange={[Function]}
                    placeholder=""
                    type="text"
                    value=""
                  >
                    <Input
                      classes={
                        Object {
                          "disabled": "MuiInput-disabled-11",
                          "error": "MuiInput-error-13",
                          "focused": "MuiInput-focused-10",
                          "formControl": "MuiInput-formControl-9",
                          "fullWidth": "MuiInput-fullWidth-15",
                          "input": "MuiInput-input-16 CTextInput-input-3",
                          "inputDisabled": "MuiInput-inputDisabled-18",
                          "inputMarginDense": "MuiInput-inputMarginDense-17",
                          "inputMultiline": "MuiInput-inputMultiline-19",
                          "inputType": "MuiInput-inputType-20",
                          "inputTypeSearch": "MuiInput-inputTypeSearch-21",
                          "multiline": "MuiInput-multiline-14",
                          "root": "MuiInput-root-8",
                          "underline": "MuiInput-underline-12 CTextInput-underline-1",
                        }
                      }
                      disableUnderline={false}
                      fullWidth={false}
                      multiline={false}
                      onChange={[Function]}
                      placeholder=""
                      type="text"
                      value=""
                    >
                      <div
                        className="MuiInput-root-8 MuiInput-formControl-9 MuiInput-underline-12 CTextInput-underline-1"
                      >
                        <input
                          aria-invalid={false}
                          aria-required={false}
                          className="MuiInput-input-16 CTextInput-input-3"
                          disabled={false}
                          onBlur={[Function]}
                          onChange={[Function]}
                          onFocus={[Function]}
                          placeholder=""
                          type="text"
                          value=""
                        />
                      </div>
                    </Input>
                  </WithStyles(Input)>
                </div>
              </FormControl>
            </WithStyles(FormControl)>
          </TextField>
        </div>
      </FormControl>
    </WithStyles(FormControl)>
  </CTextInput>
</WithStyles(CTextInput)>
`;
